// Jest Snapshot v1, https://goo.gl/fbAQLP

exports[`Test on <GifGridItem /> should render the component  1`] = `
<div
  className="card animate__animated animate__fadeIn"
>
  <img
    alt="some title"
    src="http://localhost/some.png"
  />
  <p>
    some title
  </p>
</div>
`;
